// Jest Snapshot v1, https://goo.gl/fbAQLP

exports[`Cocktail Snapshot Testing the home UI component 1`] = `
Array [
  <section
    className="filters__main"
  >
    <div
      className="filters__title"
    >
      Find your cocktail by some of this parameters
    </div>
    <section
      className="filters"
    >
      <div
        className="container"
      >
        <select
          className="select"
          onChange={[Function]}
        >
          <option
            value=""
          >
            Categories
          </option>
          <option
            id="test"
            value="test"
          >
            Test
          </option>
        </select>
      </div>
      <div
        className="container"
      >
        <select
          className="select"
          onChange={[Function]}
        >
          <option
            value=""
          >
            Glasses
          </option>
          <option
            id="test"
            value="test"
          >
            Test
          </option>
        </select>
      </div>
      <div
        className="container"
      >
        <select
          className="select"
          onChange={[Function]}
        >
          <option
            value=""
          >
            Ingredients
          </option>
          <option
            id="test"
            value="test"
          >
            Test
          </option>
        </select>
      </div>
      <div
        className="container"
      >
        <select
          className="select"
          onChange={[Function]}
        >
          <option
            value=""
          >
            Type
          </option>
          <option
            id="test"
            value="test"
          >
            Test
          </option>
        </select>
      </div>
    </section>
  </section>,
  <section
    className="detail"
  >
    <div
      className="title"
    >
      Selected Cocktel
    </div>
    <div
      className="detail-container"
    >
      <div
        className="media"
      >
        <img
          alt="Cocktail"
        />
      </div>
      <div
        className="text"
      >
        <div
          className="propierty"
        >
          <h3>
            Name:
          </h3>
          <span />
        </div>
        <div
          className="propierty"
        >
          <h3>
            Glass:
          </h3>
          <span />
        </div>
        <div
          className="propierty"
        >
          <h3>
            Category:
          </h3>
          <p />
        </div>
        <div>
          <h3>
            Ingredients:
          </h3>
        </div>
        <div>
          <h3>
            Instructions:
          </h3>
          <p />
        </div>
      </div>
    </div>
  </section>,
]
`;
