// Jest Snapshot v1, https://goo.gl/fbAQLP

exports[`Results Snapshot Testing the Results UI component 1`] = `
Array [
  <section
    className="filters__main"
  >
    <div
      className="filters__title"
    >
      Find your cocktail by some of this parameters
    </div>
    <section
      className="filters"
    >
      <div
        className="container"
      >
        <select
          className="select"
          onChange={[Function]}
        >
          <option
            value=""
          >
            Categories
          </option>
          <option
            id="test"
            value="test"
          >
            Test
          </option>
        </select>
      </div>
      <div
        className="container"
      >
        <select
          className="select"
          onChange={[Function]}
        >
          <option
            value=""
          >
            Glasses
          </option>
          <option
            id="test"
            value="test"
          >
            Test
          </option>
        </select>
      </div>
      <div
        className="container"
      >
        <select
          className="select"
          onChange={[Function]}
        >
          <option
            value=""
          >
            Ingredients
          </option>
          <option
            id="test"
            value="test"
          >
            Test
          </option>
        </select>
      </div>
      <div
        className="container"
      >
        <select
          className="select"
          onChange={[Function]}
        >
          <option
            value=""
          >
            Type
          </option>
          <option
            id="test"
            value="test"
          >
            Test
          </option>
        </select>
      </div>
    </section>
    <input
      className="search"
      onChange={[Function]}
      placeholder="Find by name in this list..."
      type="text"
    />
    <div
      className="order_container"
    >
      Order by name:
      <span
        className="order_button"
        onClick={[Function]}
        role="button"
        tabIndex={0}
      >
        Asc
      </span>
      |
      <span
        className="order_button"
        onClick={[Function]}
        role="button"
        tabIndex={0}
      >
        Desc
      </span>
    </div>
  </section>,
  <section
    className="container_list"
  >
    <div
      className="cocktails_list"
    />
  </section>,
]
`;
